// Jest Snapshot v1, https://goo.gl/fbAQLP

exports[`InputHero renders the component 1`] = `<form><input type="text"> <button></button></form>`;
